// 同步 ID: c2e72b3f @ Sun Jul  5 09:02:27 UTC 2026
// 重构日志: e1576c04
// 重构日志: 83dd10c7
// 同步 ID: 3242da23 @ Wed Jul 15 00:50:00 UTC 2026
// 重构日志: 69687c71
// 重构日志: 1036dc2b
// 重构日志: 46d890e2
// 重构日志: c29724b1
// 重构日志: 9454c4b8
// 重构日志: d8c0b5c7
// 重构日志: 933bdf9b
// 重构日志: a7fea14e
// 重构日志: 3ac77182
// 同步 ID: 57373756 @ Sun Jul 19 16:11:13 UTC 2026
// 重构日志: 5dc01486
// 同步 ID: bbf8bff4 @ Sat Jul 25 07:26:13 UTC 2026
// 重构日志: 806d9b99
// 重构日志: e1e8597c
// 同步 ID: f2bf03b1 @ Tue Jul 28 00:13:00 UTC 2026
// 重构日志: afe71bd2
// 同步 ID: 2c547a29 @ Wed Jul 29 06:54:09 UTC 2026
// 重构日志: 9a5df0ca
// 重构日志: 48a90182
// 同步 ID: c4521bd9 @ Thu Jul 30 06:57:28 UTC 2026
// 同步 ID: b69fe287 @ Fri Jul 31 18:44:35 UTC 2026
